// Jest Snapshot v1, https://goo.gl/fbAQLP

exports[`<GridText /> should render with background 1`] = `
.c1 {
  max-width: 120rem;
  margin: 0 auto;
}

.c0 {
  background: #FFFFFF;
  color: #0A1128;
}

.c4 {
  color: #0A1128;
  font-size: 3.2rem;
  text-transform: uppercase;
}

.c9 {
  color: #0A1128;
  font-size: 3.2rem;
  text-transform: none;
}

.c6 {
  font-size: 2.4rem;
}

.c2 .c5 {
  margin-bottom: 4.0rem;
}

.c7 {
  counter-reset: grid-counter;
  display: grid;
  grid-template-columns: repeat(auto-fill,minmax(280px,1fr));
  gap: 3.2rem;
}

.c8 .c3 {
  position: relative;
  left: 4rem;
}

.c8 .c3::before {
  counter-increment: grid-counter;
  content: counter(grid-counter);
  position: absolute;
  font-size: 4.0rem;
  top: -0.5rem;
  left: -4rem;
  -webkit-transform: rotate(5deg);
  -ms-transform: rotate(5deg);
  transform: rotate(5deg);
}

@media (min-width:768px) {
  .c4 {
    font-size: 6.4rem;
  }
}

<div>
  <div
    class="c0"
  >
    <div
      class="c1"
    >
      <div
        class="c2"
      >
        <h1
          class="c3 c4"
        >
          My grid
        </h1>
        <p
          class="c5 c6"
        >
          Atque doloribus nobis laudantium esse ut, non commodi maxime distinctio veritatis unde
        </p>
        <div
          class="c7"
        >
          <div
            class="c8"
          >
            <h1
              class="c3 c9"
            >
              Teste 1
            </h1>
            <p
              class="c5 c6"
            >
              Lorem ipsum dolor sit amet, consectetur adipiscing elit. Phasellus rutrum est a ex hendrerit malesuada. Aenean ornare placerat sapien, in lobortis odio suscipit et. Etiam eu erat elit. Nulla nec magna orci. Duis sit amet lectus a metus commodo ullamcorper nec nec nulla. Ut laoreet blandit arcu ac finibus. Proin finibus, risus porttitor sagittis mattis, orci mauris vehicula odio, quis suscipit erat diam a ante. Nullam vel metus ipsum.
            </p>
          </div>
          <div
            class="c8"
          >
            <h1
              class="c3 c9"
            >
              Teste 2
            </h1>
            <p
              class="c5 c6"
            >
              Lorem ipsum dolor sit amet, consectetur adipiscing elit. Phasellus rutrum est a ex hendrerit malesuada. Aenean ornare placerat sapien, in lobortis odio suscipit et. Etiam eu erat elit. Nulla nec magna orci. Duis sit amet lectus a metus commodo ullamcorper nec nec nulla. Ut laoreet blandit arcu ac finibus. Proin finibus, risus porttitor sagittis mattis, orci mauris vehicula odio, quis suscipit erat diam a ante. Nullam vel metus ipsum.
            </p>
          </div>
          <div
            class="c8"
          >
            <h1
              class="c3 c9"
            >
              Teste 3
            </h1>
            <p
              class="c5 c6"
            >
              Lorem ipsum dolor sit amet, consectetur adipiscing elit. Phasellus rutrum est a ex hendrerit malesuada. Aenean ornare placerat sapien, in lobortis odio suscipit et. Etiam eu erat elit. Nulla nec magna orci. Duis sit amet lectus a metus commodo ullamcorper nec nec nulla. Ut laoreet blandit arcu ac finibus. Proin finibus, risus porttitor sagittis mattis, orci mauris vehicula odio, quis suscipit erat diam a ante. Nullam vel metus ipsum.
            </p>
          </div>
        </div>
      </div>
    </div>
  </div>
</div>
`;

exports[`<GridText /> should render without background 1`] = `
.c1 {
  max-width: 120rem;
  margin: 0 auto;
}

.c0 {
  background: #FFFFFF;
  color: #0A1128;
}

.c4 {
  color: #0A1128;
  font-size: 3.2rem;
  text-transform: uppercase;
}

.c9 {
  color: #0A1128;
  font-size: 3.2rem;
  text-transform: none;
}

.c6 {
  font-size: 2.4rem;
}

.c2 .c5 {
  margin-bottom: 4.0rem;
}

.c7 {
  counter-reset: grid-counter;
  display: grid;
  grid-template-columns: repeat(auto-fill,minmax(280px,1fr));
  gap: 3.2rem;
}

.c8 .c3 {
  position: relative;
  left: 4rem;
}

.c8 .c3::before {
  counter-increment: grid-counter;
  content: counter(grid-counter);
  position: absolute;
  font-size: 4.0rem;
  top: -0.5rem;
  left: -4rem;
  -webkit-transform: rotate(5deg);
  -ms-transform: rotate(5deg);
  transform: rotate(5deg);
}

@media (min-width:768px) {
  .c4 {
    font-size: 6.4rem;
  }
}

<div>
  <div
    class="c0"
  >
    <div
      class="c1"
    >
      <div
        class="c2"
      >
        <h1
          class="c3 c4"
        >
          My grid
        </h1>
        <p
          class="c5 c6"
        >
          Atque doloribus nobis laudantium esse ut, non commodi maxime distinctio veritatis unde
        </p>
        <div
          class="c7"
        >
          <div
            class="c8"
          >
            <h1
              class="c3 c9"
            >
              Teste 1
            </h1>
            <p
              class="c5 c6"
            >
              Lorem ipsum dolor sit amet, consectetur adipiscing elit. Phasellus rutrum est a ex hendrerit malesuada. Aenean ornare placerat sapien, in lobortis odio suscipit et. Etiam eu erat elit. Nulla nec magna orci. Duis sit amet lectus a metus commodo ullamcorper nec nec nulla. Ut laoreet blandit arcu ac finibus. Proin finibus, risus porttitor sagittis mattis, orci mauris vehicula odio, quis suscipit erat diam a ante. Nullam vel metus ipsum.
            </p>
          </div>
          <div
            class="c8"
          >
            <h1
              class="c3 c9"
            >
              Teste 2
            </h1>
            <p
              class="c5 c6"
            >
              Lorem ipsum dolor sit amet, consectetur adipiscing elit. Phasellus rutrum est a ex hendrerit malesuada. Aenean ornare placerat sapien, in lobortis odio suscipit et. Etiam eu erat elit. Nulla nec magna orci. Duis sit amet lectus a metus commodo ullamcorper nec nec nulla. Ut laoreet blandit arcu ac finibus. Proin finibus, risus porttitor sagittis mattis, orci mauris vehicula odio, quis suscipit erat diam a ante. Nullam vel metus ipsum.
            </p>
          </div>
          <div
            class="c8"
          >
            <h1
              class="c3 c9"
            >
              Teste 3
            </h1>
            <p
              class="c5 c6"
            >
              Lorem ipsum dolor sit amet, consectetur adipiscing elit. Phasellus rutrum est a ex hendrerit malesuada. Aenean ornare placerat sapien, in lobortis odio suscipit et. Etiam eu erat elit. Nulla nec magna orci. Duis sit amet lectus a metus commodo ullamcorper nec nec nulla. Ut laoreet blandit arcu ac finibus. Proin finibus, risus porttitor sagittis mattis, orci mauris vehicula odio, quis suscipit erat diam a ante. Nullam vel metus ipsum.
            </p>
          </div>
        </div>
      </div>
    </div>
  </div>
</div>
`;
