// Jest Snapshot v1, https://goo.gl/fbAQLP

exports[`<GridTwoColumn /> should render grid with two columns 1`] = `
.c5 {
  color: #0A1128;
  font-size: 3.2rem;
  text-transform: uppercase;
}

.c2 {
  display: grid;
  grid-template-columns: 1fr;
  -webkit-align-items: center;
  -webkit-box-align: center;
  -ms-flex-align: center;
  align-items: center;
  gap: 3.2rem;
}

.c2 .c4 {
  margin-bottom: 4.0rem;
}

.c3 {
  margin-bottom: 3.2rem;
}

.c1 {
  max-width: 120rem;
  margin: 0 auto;
}

.c0 {
  background: #FFFFFF;
  color: #0A1128;
}

.c6 {
  font-size: 2.4rem;
}

@media (min-width:768px) {
  .c5 {
    font-size: 6.4rem;
  }
}

@media (min-width:768px) {
  .c2 {
    grid-template-columns: 1fr 2fr;
  }
}

@media (min-width:768px) {
  .c3 {
    margin-bottom: 0;
  }
}

<div>
  <div
    class="c0"
  >
    <div
      class="c1"
    >
      <div
        class="c2"
      >
        <div
          class="c3"
        >
          <h1
            class="c4 c5"
          >
            Grid two columns
          </h1>
          <p
            class="c6"
          >
            Lorem ipsum dolor sit amet consectetur adipisicing elit. Cum esse eveniet nam nisi repudiandae, explicabo non minus perspiciatis? Laudantium et dolorem omnis asperiores! Suscipit unde id dolore, provident ab quibusdam?
          </p>
        </div>
        <div
          class=""
        >
          <img
            alt="Grid two columns"
            class=""
            src="assets/images/javascript.svg"
          />
        </div>
      </div>
    </div>
  </div>
</div>
`;
